Archive member included to satisfy reference by file (symbol)

c:/program files (x86)/gnu tools arm embedded/6 2017-q1-update/bin/../lib/gcc/arm-none-eabi/6.3.1/../../../../arm-none-eabi/lib/thumb/v7e-m\libg_nano.a(lib_a-errno.o)
                              ./system/src/newlib/_sbrk.o (__errno)
c:/program files (x86)/gnu tools arm embedded/6 2017-q1-update/bin/../lib/gcc/arm-none-eabi/6.3.1/../../../../arm-none-eabi/lib/thumb/v7e-m\libg_nano.a(lib_a-impure.o)
                              c:/program files (x86)/gnu tools arm embedded/6 2017-q1-update/bin/../lib/gcc/arm-none-eabi/6.3.1/../../../../arm-none-eabi/lib/thumb/v7e-m\libg_nano.a(lib_a-errno.o) (_impure_ptr)

Allocating common symbols
Common symbol       size              file

timer_delayCount    0x4               ./src/Timer.o
errno               0x4               ./system/src/newlib/_syscalls.o
uwTick              0x4               ./system/src/stm32f4-hal/stm32f4xx_hal.o
pFlash              0x20              ./system/src/stm32f4-hal/stm32f4xx_hal_flash.o

Discarded input sections

 .group         0x00000000        0x8 ./system/src/stm32f4-hal/stm32f4xx_hal.o
 .group         0x00000000        0x8 ./system/src/stm32f4-hal/stm32f4xx_hal.o
 .group         0x00000000        0x8 ./system/src/stm32f4-hal/stm32f4xx_hal.o
 .group         0x00000000        0x8 ./system/src/stm32f4-hal/stm32f4xx_hal.o
 .group         0x00000000        0x8 ./system/src/stm32f4-hal/stm32f4xx_hal.o
 .group         0x00000000        0x8 ./system/src/stm32f4-hal/stm32f4xx_hal.o
 .group         0x00000000        0x8 ./system/src/stm32f4-hal/stm32f4xx_hal.o
 .group         0x00000000        0x8 ./system/src/stm32f4-hal/stm32f4xx_hal.o
 .group         0x00000000        0x8 ./system/src/stm32f4-hal/stm32f4xx_hal.o
 .group         0x00000000        0x8 ./system/src/stm32f4-hal/stm32f4xx_hal.o
 .group         0x00000000        0x8 ./system/src/stm32f4-hal/stm32f4xx_hal.o
 .group         0x00000000        0x8 ./system/src/stm32f4-hal/stm32f4xx_hal.o
 .group         0x00000000        0x8 ./system/src/stm32f4-hal/stm32f4xx_hal.o
 .group         0x00000000        0x8 ./system/src/stm32f4-hal/stm32f4xx_hal.o
 .group         0x00000000        0x8 ./system/src/stm32f4-hal/stm32f4xx_hal.o
 .group         0x00000000        0x8 ./system/src/stm32f4-hal/stm32f4xx_hal.o
 .group         0x00000000        0x8 ./system/src/stm32f4-hal/stm32f4xx_hal.o
 .group         0x00000000        0x8 ./system/src/stm32f4-hal/stm32f4xx_hal.o
 .group         0x00000000        0x8 ./system/src/stm32f4-hal/stm32f4xx_hal.o
 .group         0x00000000        0x8 ./system/src/stm32f4-hal/stm32f4xx_hal.o
 .group         0x00000000        0x8 ./system/src/stm32f4-hal/stm32f4xx_hal.o
 .group         0x00000000        0x8 ./system/src/stm32f4-hal/stm32f4xx_hal.o
 .group         0x00000000        0x8 ./system/src/stm32f4-hal/stm32f4xx_hal.o
 .group         0x00000000        0x8 ./system/src/stm32f4-hal/stm32f4xx_hal.o
 .group         0x00000000        0x8 ./system/src/stm32f4-hal/stm32f4xx_hal.o
 .group         0x00000000        0x8 ./system/src/stm32f4-hal/stm32f4xx_hal.o
 .group         0x00000000        0x8 ./system/src/stm32f4-hal/stm32f4xx_hal.o
 .group         0x00000000        0x8 ./system/src/stm32f4-hal/stm32f4xx_hal.o
 .group         0x00000000        0x8 ./system/src/stm32f4-hal/stm32f4xx_hal.o
 .group         0x00000000        0x8 ./system/src/stm32f4-hal/stm32f4xx_hal.o
 .group         0x00000000        0x8 ./system/src/stm32f4-hal/stm32f4xx_hal.o
 .group         0x00000000        0x8 ./system/src/stm32f4-hal/stm32f4xx_hal.o
 .group         0x00000000        0x8 ./system/src/stm32f4-hal/stm32f4xx_hal.o
 .group         0x00000000        0x8 ./system/src/stm32f4-hal/stm32f4xx_hal.o
 .group         0x00000000        0x8 ./system/src/stm32f4-hal/stm32f4xx_hal.o
 .group         0x00000000        0x8 ./system/src/stm32f4-hal/stm32f4xx_hal.o
 .group         0x00000000        0x8 ./system/src/stm32f4-hal/stm32f4xx_hal.o
 .group         0x00000000        0x8 ./system/src/stm32f4-hal/stm32f4xx_hal.o
 .group         0x00000000        0x8 ./system/src/stm32f4-hal/stm32f4xx_hal.o
 .group         0x00000000        0x8 ./system/src/stm32f4-hal/stm32f4xx_hal.o
 .group         0x00000000        0x8 ./system/src/stm32f4-hal/stm32f4xx_hal.o
 .group         0x00000000        0x8 ./system/src/stm32f4-hal/stm32f4xx_hal.o
 .group         0x00000000        0x8 ./system/src/stm32f4-hal/stm32f4xx_hal.o
 .group         0x00000000        0x8 ./system/src/stm32f4-hal/stm32f4xx_hal.o
 .group         0x00000000        0x8 ./system/src/stm32f4-hal/stm32f4xx_hal.o
 .group         0x00000000        0x8 ./system/src/stm32f4-hal/stm32f4xx_hal.o
 .group         0x00000000        0x8 ./system/src/stm32f4-hal/stm32f4xx_hal.o
 .group         0x00000000        0x8 ./system/src/stm32f4-hal/stm32f4xx_hal.o
 .group         0x00000000        0x8 ./system/src/stm32f4-hal/stm32f4xx_hal.o
[...]
Memory Configuration

Name             Origin             Length             Attributes
RAM              0x20000000         0x00020000         xrw
CCMRAM           0x10000000         0x00010000         xrw
FLASH            0x08000000         0x00100000         xr
FLASHB1          0x00000000         0x00000000         xr
EXTMEMB0         0x00000000         0x00000000         xr
EXTMEMB1         0x00000000         0x00000000         xr
EXTMEMB2         0x00000000         0x00000000         xr
EXTMEMB3         0x00000000         0x00000000         xr
MEMORY_ARRAY     0x20002000         0x00000020         xrw
*default*        0x00000000         0xffffffff

Linker script and memory map

LOAD ./system/src/stm32f4-hal/stm32f4xx_hal.o
LOAD ./system/src/stm32f4-hal/stm32f4xx_hal_cortex.o
LOAD ./system/src/stm32f4-hal/stm32f4xx_hal_dfsdm.o
LOAD ./system/src/stm32f4-hal/stm32f4xx_hal_flash.o
LOAD ./system/src/stm32f4-hal/stm32f4xx_hal_gpio.o
LOAD ./system/src/stm32f4-hal/stm32f4xx_hal_iwdg.o
LOAD ./system/src/stm32f4-hal/stm32f4xx_hal_pwr.o
LOAD ./system/src/stm32f4-hal/stm32f4xx_hal_rcc.o
LOAD ./system/src/newlib/_cxx.o
LOAD ./system/src/newlib/_exit.o
LOAD ./system/src/newlib/_sbrk.o
LOAD ./system/src/newlib/_startup.o
LOAD ./system/src/newlib/_syscalls.o
LOAD ./system/src/newlib/assert.o
LOAD ./system/src/diag/Trace.o
LOAD ./system/src/diag/trace_impl.o
LOAD ./system/src/cortexm/_initialize_hardware.o
LOAD ./system/src/cortexm/_reset_hardware.o
LOAD ./system/src/cortexm/exception_handlers.o
LOAD ./system/src/cmsis/system_stm32f4xx.o
LOAD ./system/src/cmsis/vectors_stm32f407xx.o
LOAD ./src/BlinkLed.o
LOAD ./src/Timer.o
LOAD ./src/_initialize_hardware.o
LOAD ./src/_write.o
LOAD ./src/main.o
LOAD ./src/stm32f4xx_hal_msp.o
LOAD c:/program files (x86)/gnu tools arm embedded/6 2017-q1-update/bin/../lib/gcc/arm-none-eabi/6.3.1/../../../../arm-none-eabi/lib/thumb/v7e-m\libstdc++_nano.a
LOAD c:/program files (x86)/gnu tools arm embedded/6 2017-q1-update/bin/../lib/gcc/arm-none-eabi/6.3.1/../../../../arm-none-eabi/lib/thumb/v7e-m\libm.a
START GROUP
LOAD c:/program files (x86)/gnu tools arm embedded/6 2017-q1-update/bin/../lib/gcc/arm-none-eabi/6.3.1/thumb/v7e-m\libgcc.a
LOAD c:/program files (x86)/gnu tools arm embedded/6 2017-q1-update/bin/../lib/gcc/arm-none-eabi/6.3.1/../../../../arm-none-eabi/lib/thumb/v7e-m\libg_nano.a
LOAD c:/program files (x86)/gnu tools arm embedded/6 2017-q1-update/bin/../lib/gcc/arm-none-eabi/6.3.1/../../../../arm-none-eabi/lib/thumb/v7e-m\libc_nano.a
END GROUP
START GROUP
LOAD c:/program files (x86)/gnu tools arm embedded/6 2017-q1-update/bin/../lib/gcc/arm-none-eabi/6.3.1/thumb/v7e-m\libgcc.a
LOAD c:/program files (x86)/gnu tools arm embedded/6 2017-q1-update/bin/../lib/gcc/arm-none-eabi/6.3.1/../../../../arm-none-eabi/lib/thumb/v7e-m\libc_nano.a
END GROUP
                0x20020000                __stack = (ORIGIN (RAM) + LENGTH (RAM))
                0x20020000                _estack = __stack
                0x00000400                __Main_Stack_Size = 0x400
                [!provide]                PROVIDE (_Main_Stack_Size, __Main_Stack_Size)
                0x2001fc00                __Main_Stack_Limit = (__stack - __Main_Stack_Size)
                [!provide]                PROVIDE (_Main_Stack_Limit, __Main_Stack_Limit)
                0x00000100                _Minimum_Stack_Size = 0x100
                0x20000028                PROVIDE (_Heap_Begin, _end_noinit)
                0x2001fc00                PROVIDE (_Heap_Limit, (__stack - __Main_Stack_Size))

.isr_vector     0x08000000      0x32c
 FILL mask 0xff
                0x08000000                __vectors_start = ABSOLUTE (.)
                0x08000000                __vectors_start__ = ABSOLUTE (.)
 *(.isr_vector)
 .isr_vector    0x08000000      0x188 ./system/src/cmsis/vectors_stm32f407xx.o
                0x08000000                __isr_vectors
 *(.cfmconfig)
 *(.after_vectors .after_vectors.*)
 .after_vectors
                0x08000188      0x130 ./system/src/newlib/_startup.o
                0x08000188                _start
 .after_vectors
                0x080002b8       0x70 ./system/src/cortexm/exception_handlers.o
                0x080002b8                Reset_Handler
                0x080002be                NMI_Handler
                0x080002c2                HardFault_Handler
                0x080002d6                HardFault_Handler_C
                0x080002da                MemManage_Handler
                0x080002de                BusFault_Handler
                0x080002f2                BusFault_Handler_C
                0x080002f6                UsageFault_Handler
                0x0800030a                UsageFault_Handler_C
                0x0800030e                SVC_Handler
                0x08000312                DebugMon_Handler
                0x08000316                PendSV_Handler
 .after_vectors
                0x08000328        0x4 ./system/src/cmsis/vectors_stm32f407xx.o
                0x08000328                RTC_Alarm_IRQHandler
                0x08000328                HASH_RNG_IRQHandler
                0x08000328                EXTI2_IRQHandler
                0x08000328                TIM8_CC_IRQHandler
                0x08000328                TIM1_CC_IRQHandler
                0x08000328                DMA2_Stream5_IRQHandler
                0x08000328                DMA1_Stream5_IRQHandler
                0x08000328                PVD_IRQHandler
                0x08000328                SDIO_IRQHandler
                0x08000328                TAMP_STAMP_IRQHandler
                0x08000328                CAN2_RX1_IRQHandler
                0x08000328                EXTI3_IRQHandler
                0x08000328                TIM8_TRG_COM_TIM14_IRQHandler
                0x08000328                TIM1_UP_TIM10_IRQHandler
                0x08000328                TIM8_UP_TIM13_IRQHandler
                0x08000328                I2C3_ER_IRQHandler
                0x08000328                EXTI0_IRQHandler
                0x08000328                I2C2_EV_IRQHandler
                0x08000328                DMA1_Stream2_IRQHandler
                0x08000328                CAN1_RX0_IRQHandler
                0x08000328                FPU_IRQHandler
                0x08000328                OTG_HS_WKUP_IRQHandler
                0x08000328                CAN2_SCE_IRQHandler
                0x08000328                DMA2_Stream2_IRQHandler
                0x08000328                SPI1_IRQHandler
                0x08000328                TIM6_DAC_IRQHandler
                0x08000328                TIM1_BRK_TIM9_IRQHandler
                0x08000328                DCMI_IRQHandler
                0x08000328                CAN2_RX0_IRQHandler
                0x08000328                DMA2_Stream3_IRQHandler
                0x08000328                USART6_IRQHandler
                0x08000328                USART3_IRQHandler
                0x08000328                CAN1_RX1_IRQHandler
                0x08000328                UART5_IRQHandler
                0x08000328                DMA2_Stream0_IRQHandler
                0x08000328                TIM4_IRQHandler
                0x08000328                I2C1_EV_IRQHandler
                0x08000328                DMA1_Stream6_IRQHandler
                0x08000328                DMA1_Stream1_IRQHandler
                0x08000328                UART4_IRQHandler
                0x08000328                TIM3_IRQHandler
                0x08000328                RCC_IRQHandler
                0x08000328                TIM8_BRK_TIM12_IRQHandler
                0x08000328                Default_Handler
                0x08000328                EXTI15_10_IRQHandler
                0x08000328                ADC_IRQHandler
                0x08000328                DMA1_Stream7_IRQHandler
                0x08000328                TIM7_IRQHandler
                0x08000328                CAN2_TX_IRQHandler
                0x08000328                TIM5_IRQHandler
                0x08000328                DMA2_Stream7_IRQHandler
                0x08000328                I2C3_EV_IRQHandler
                0x08000328                EXTI9_5_IRQHandler
                0x08000328                RTC_WKUP_IRQHandler
                0x08000328                ETH_WKUP_IRQHandler
                0x08000328                SPI2_IRQHandler
                0x08000328                OTG_HS_EP1_IN_IRQHandler
                0x08000328                DMA1_Stream0_IRQHandler
                0x08000328                CAN1_TX_IRQHandler
                0x08000328                EXTI4_IRQHandler
                0x08000328                ETH_IRQHandler
                0x08000328                OTG_HS_EP1_OUT_IRQHandler
                0x08000328                WWDG_IRQHandler
                0x08000328                TIM2_IRQHandler
                0x08000328                OTG_FS_WKUP_IRQHandler
                0x08000328                TIM1_TRG_COM_TIM11_IRQHandler
                0x08000328                OTG_HS_IRQHandler
                0x08000328                EXTI1_IRQHandler
                0x08000328                USART2_IRQHandler
                0x08000328                I2C2_ER_IRQHandler
                0x08000328                DMA2_Stream1_IRQHandler
                0x08000328                CAN1_SCE_IRQHandler
                0x08000328                FLASH_IRQHandler
                0x08000328                DMA2_Stream4_IRQHandler
                0x08000328                USART1_IRQHandler
                0x08000328                OTG_FS_IRQHandler
                0x08000328                SPI3_IRQHandler
                0x08000328                DMA1_Stream4_IRQHandler
                0x08000328                I2C1_ER_IRQHandler
                0x08000328                FMC_IRQHandler
                0x08000328                DMA2_Stream6_IRQHandler
                0x08000328                DMA1_Stream3_IRQHandler

.inits          0x0800032c       0x28
                0x0800032c                __data_regions_array_start = .
                0x0800032c        0x4 LONG 0x80012bc LOADADDR (.data)
                0x08000330        0x4 LONG 0x20000000 ADDR (.data)
                0x08000334        0x4 LONG 0x20000014 (ADDR (.data) + SIZEOF (.data))
                0x08000338        0x4 LONG 0x80012bc LOADADDR (.data_CCMRAM)
                0x0800033c        0x4 LONG 0x10000000 ADDR (.data_CCMRAM)
                0x08000340        0x4 LONG 0x10000000 (ADDR (.data_CCMRAM) + SIZEOF (.data_CCMRAM))
                0x08000344                __data_regions_array_end = .
                0x08000344                __bss_regions_array_start = .
                0x08000344        0x4 LONG 0x20000014 ADDR (.bss)
                0x08000348        0x4 LONG 0x20000028 (ADDR (.bss) + SIZEOF (.bss))
                0x0800034c        0x4 LONG 0x10000000 ADDR (.bss_CCMRAM)
                0x08000350        0x4 LONG 0x10000000 (ADDR (.bss_CCMRAM) + SIZEOF (.bss_CCMRAM))
                0x08000354                __bss_regions_array_end = .
 *(.init)
 *(.fini)
                0x08000354                . = ALIGN (0x4)
                0x08000354                PROVIDE (__preinit_array_start, .)
 *(.preinit_array_sysinit .preinit_array_sysinit.*)
 *(.preinit_array_platform .preinit_array_platform.*)
 *(.preinit_array .preinit_array.*)
                0x08000354                PROVIDE (__preinit_array_end, .)
                0x08000354                . = ALIGN (0x4)
                0x08000354                PROVIDE (__init_array_start, .)
 *(SORT(.init_array.*))
 *(.init_array)
                0x08000354                PROVIDE (__init_array_end, .)
                0x08000354                . = ALIGN (0x4)
                0x08000354                PROVIDE (__fini_array_start, .)
 *(SORT(.fini_array.*))
 *(.fini_array)
                0x08000354                PROVIDE (__fini_array_end, .)

.flashtext
 *(.flashtext .flashtext.*)

.text           0x08000354      0xf68
 *(.text .text.*)
 .text.HAL_InitTick
                0x08000354       0x2c ./system/src/stm32f4-hal/stm32f4xx_hal.o
                0x08000354                HAL_InitTick
 .text.HAL_Init
                0x08000380       0x34 ./system/src/stm32f4-hal/stm32f4xx_hal.o
                0x08000380                HAL_Init
 .text.HAL_IncTick
                0x080003b4       0x10 ./system/src/stm32f4-hal/stm32f4xx_hal.o
                0x080003b4                HAL_IncTick
 .text.HAL_GetTick
                0x080003c4        0xc ./system/src/stm32f4-hal/stm32f4xx_hal.o
                0x080003c4                HAL_GetTick
 .text.HAL_NVIC_SetPriorityGrouping
                0x080003d0       0x3c ./system/src/stm32f4-hal/stm32f4xx_hal_cortex.o
                0x080003d0                HAL_NVIC_SetPriorityGrouping
 .text.HAL_NVIC_SetPriority
                0x0800040c       0x88 ./system/src/stm32f4-hal/stm32f4xx_hal_cortex.o
                0x0800040c                HAL_NVIC_SetPriority
 .text.HAL_SYSTICK_Config
                0x08000494       0x2c ./system/src/stm32f4-hal/stm32f4xx_hal_cortex.o
                0x08000494                HAL_SYSTICK_Config
 .text.HAL_SYSTICK_CLKSourceConfig
                0x080004c0       0x3c ./system/src/stm32f4-hal/stm32f4xx_hal_cortex.o
                0x080004c0                HAL_SYSTICK_CLKSourceConfig
 .text.HAL_GPIO_Init
                0x080004fc      0x2fc ./system/src/stm32f4-hal/stm32f4xx_hal_gpio.o
                0x080004fc                HAL_GPIO_Init
 .text.HAL_GPIO_WritePin
                0x080007f8       0x34 ./system/src/stm32f4-hal/stm32f4xx_hal_gpio.o
                0x080007f8                HAL_GPIO_WritePin
 .text.HAL_RCC_OscConfig
                0x0800082c      0x42c ./system/src/stm32f4-hal/stm32f4xx_hal_rcc.o
                0x0800082c                HAL_RCC_OscConfig
 .text.HAL_RCC_GetSysClockFreq
                0x08000c58       0x94 ./system/src/stm32f4-hal/stm32f4xx_hal_rcc.o
                0x08000c58                HAL_RCC_GetSysClockFreq
 .text.HAL_RCC_ClockConfig
                0x08000cec      0x250 ./system/src/stm32f4-hal/stm32f4xx_hal_rcc.o
                0x08000cec                HAL_RCC_ClockConfig
 .text.HAL_RCC_GetHCLKFreq
                0x08000f3c        0xc ./system/src/stm32f4-hal/stm32f4xx_hal_rcc.o
                0x08000f3c                HAL_RCC_GetHCLKFreq
 .text._exit    0x08000f48        0x2 ./system/src/newlib/_exit.o
                0x08000f48                _exit
 .text.abort    0x08000f4a        0x8 ./system/src/newlib/_exit.o
                0x08000f4a                abort
 *fill*         0x08000f52        0x2 
 .text.__initialize_args
                0x08000f54       0x10 ./system/src/newlib/_syscalls.o
                0x08000f54                __initialize_args
 .text.assert_failed
                0x08000f64        0x6 ./system/src/newlib/assert.o
                0x08000f64                assert_failed
 *fill*         0x08000f6a        0x2 
 .text.__initialize_hardware_early
                0x08000f6c       0x18 ./system/src/cortexm/_initialize_hardware.o
                0x08000f6c                __initialize_hardware_early
 .text.SystemInit
                0x08000f84       0x40 ./system/src/cmsis/system_stm32f4xx.o
                0x08000f84                SystemInit
 .text.SystemCoreClockUpdate
                0x08000fc4       0xa0 ./system/src/cmsis/system_stm32f4xx.o
                0x08000fc4                SystemCoreClockUpdate
 .text.blink_led_init
                0x08001064       0x40 ./src/BlinkLed.o
                0x08001064                blink_led_init
 .text.timer_start
                0x080010a4       0x3c ./src/Timer.o
                0x080010a4                timer_start
 .text.timer_sleep
                0x080010e0       0x14 ./src/Timer.o
                0x080010e0                timer_sleep
 .text.timer_tick
                0x080010f4       0x14 ./src/Timer.o
                0x080010f4                timer_tick
 .text.SysTick_Handler
                0x08001108        0xc ./src/Timer.o
                0x08001108                SysTick_Handler
 .text.SystemClock_Config
                0x08001114       0x9c ./src/_initialize_hardware.o
                0x08001114                SystemClock_Config
 .text.__initialize_hardware
                0x080011b0       0x10 ./src/_initialize_hardware.o
                0x080011b0                __initialize_hardware
 .text.main     0x080011c0       0x44 ./src/main.o
                0x080011c0                main
 .text.HAL_MspInit
                0x08001204        0x2 ./src/stm32f4xx_hal_msp.o
                0x08001204                HAL_MspInit
 *(.rodata .rodata.* .constdata .constdata.*)
 *fill*         0x08001206        0x2 
 .rodata.HAL_NVIC_SetPriorityGrouping.str1.4
                0x08001208       0x31 ./system/src/stm32f4-hal/stm32f4xx_hal_cortex.o
 *fill*         0x08001239        0x3 
 .rodata.HAL_GPIO_Init.str1.4
                0x0800123c       0x2f ./system/src/stm32f4-hal/stm32f4xx_hal_gpio.o
 *fill*         0x0800126b        0x1 
 .rodata.APBAHBPrescTable
                0x0800126c       0x10 ./system/src/stm32f4-hal/stm32f4xx_hal_rcc.o
                0x0800126c                APBAHBPrescTable
 .rodata.HAL_RCC_OscConfig.str1.4
                0x0800127c       0x30 ./system/src/stm32f4-hal/stm32f4xx_hal_rcc.o
                                 0x2e (size before relaxing)
 .rodata.AHBPrescTable
                0x080012ac       0x10 ./system/src/cmsis/system_stm32f4xx.o
                0x080012ac                AHBPrescTable
 *(vtable)
 *(.eh_frame*)
 *(.glue_7)
 .glue_7        0x080012bc        0x0 linker stubs
 *(.glue_7t)
 .glue_7t       0x080012bc        0x0 linker stubs

.vfp11_veneer   0x080012bc        0x0
 .vfp11_veneer  0x080012bc        0x0 linker stubs

.v4_bx          0x080012bc        0x0
 .v4_bx         0x080012bc        0x0 linker stubs

.iplt           0x080012bc        0x0
 .iplt          0x080012bc        0x0 ./system/src/stm32f4-hal/stm32f4xx_hal.o

.rel.dyn        0x080012bc        0x0
 .rel.iplt      0x080012bc        0x0 ./system/src/stm32f4-hal/stm32f4xx_hal.o

.ARM.extab
 *(.ARM.extab* .gnu.linkonce.armextab.*)
                0x080012bc                . = ALIGN (0x4)
                0x080012bc                __exidx_start = .

.ARM.exidx
 *(.ARM.exidx* .gnu.linkonce.armexidx.*)
                0x080012bc                __exidx_end = .
                0x080012bc                . = ALIGN (0x4)
                0x080012bc                _etext = .
                0x080012bc                __etext = .

.data_CCMRAM    0x10000000        0x0 load address 0x080012bc
 FILL mask 0xff
 *(.data.CCMRAM .data.CCMRAM.*)
                0x10000000                . = ALIGN (0x4)
                0x080012bc                _sidata = LOADADDR (.data)

.data           0x20000000       0x14 load address 0x080012bc
 FILL mask 0xff
                0x20000000                _sdata = .
                0x20000000                __data_start__ = .
 *(.data_begin .data_begin.*)
 .data_begin    0x20000000        0x4 ./system/src/newlib/_startup.o
 *(.data .data.*)
 .data.argv.4263
                0x20000004        0x8 ./system/src/newlib/_syscalls.o
 .data.SystemCoreClock
                0x2000000c        0x4 ./system/src/cmsis/system_stm32f4xx.o
                0x2000000c                SystemCoreClock
 *(.data_end .data_end.*)
 .data_end      0x20000010        0x4 ./system/src/newlib/_startup.o
                0x20000014                . = ALIGN (0x4)
                0x20000014                _edata = .
                0x20000014                __data_end__ = .

.igot.plt       0x20000014        0x0 load address 0x080012d0
 .igot.plt      0x20000014        0x0 ./system/src/stm32f4-hal/stm32f4xx_hal.o

.bss_CCMRAM     0x10000000        0x0
 *(.bss.CCMRAM .bss.CCMRAM.*)

.bss            0x20000014       0x14
                0x20000014                __bss_start__ = .
                0x20000014                _sbss = .
 *(.bss_begin .bss_begin.*)
 .bss_begin     0x20000014        0x4 ./system/src/newlib/_startup.o
 *(.bss .bss.*)
 .bss.name.4262
                0x20000018        0x1 ./system/src/newlib/_syscalls.o
 *(COMMON)
 *fill*         0x20000019        0x3 
 COMMON         0x2000001c        0x4 ./system/src/stm32f4-hal/stm32f4xx_hal.o
                0x2000001c                uwTick
 COMMON         0x20000020        0x4 ./src/Timer.o
                0x20000020                timer_delayCount
 *(.bss_end .bss_end.*)
 .bss_end       0x20000024        0x4 ./system/src/newlib/_startup.o
                0x20000028                . = ALIGN (0x4)
                0x20000028                __bss_end__ = .
                0x20000028                _ebss = .

.noinit_CCMRAM
 *(.noinit.CCMRAM .noinit.CCMRAM.*)

.noinit         0x20000028        0x0
                0x20000028                _noinit = .
 *(.noinit .noinit.*)
                0x20000028                . = ALIGN (0x4)
                0x20000028                _end_noinit = .
                [!provide]                PROVIDE (end, _end_noinit)
                [!provide]                PROVIDE (_end, _end_noinit)
                [!provide]                PROVIDE (__end, _end_noinit)
                [!provide]                PROVIDE (__end__, _end_noinit)

._check_stack   0x20000028      0x100
                0x20000128                . = (. + _Minimum_Stack_Size)
 *fill*         0x20000028      0x100 

.b1text
 *(.b1text)
 *(.b1rodata)
 *(.b1rodata.*)

.eb0text
 *(.eb0text)
 *(.eb0rodata)
 *(.eb0rodata.*)

.eb1text
 *(.eb1text)
 *(.eb1rodata)
 *(.eb1rodata.*)

.eb2text
 *(.eb2text)
 *(.eb2rodata)
 *(.eb2rodata.*)

.eb3text
 *(.eb3text)
 *(.eb3rodata)
 *(.eb3rodata.*)

.stab
 *(.stab)

.stabstr
 *(.stabstr)

.stab.excl
 *(.stab.excl)

.stab.exclstr
 *(.stab.exclstr)

.stab.index
 *(.stab.index)

.stab.indexstr
 *(.stab.indexstr)

.comment        0x00000000       0x7f
 *(.comment)
 .comment       0x00000000       0x7f ./system/src/stm32f4-hal/stm32f4xx_hal.o
                                 0x80 (size before relaxing)
 .comment       0x0000007f       0x80 ./system/src/stm32f4-hal/stm32f4xx_hal_cortex.o
 .comment       0x0000007f       0x80 ./system/src/stm32f4-hal/stm32f4xx_hal_gpio.o
 .comment       0x0000007f       0x80 ./system/src/stm32f4-hal/stm32f4xx_hal_rcc.o
 .comment       0x0000007f       0x80 ./system/src/newlib/_exit.o
 .comment       0x0000007f       0x80 ./system/src/newlib/_startup.o
 .comment       0x0000007f       0x80 ./system/src/newlib/_syscalls.o
 .comment       0x0000007f       0x80 ./system/src/newlib/assert.o
 .comment       0x0000007f       0x80 ./system/src/cortexm/_initialize_hardware.o
 .comment       0x0000007f       0x80 ./system/src/cortexm/exception_handlers.o
 .comment       0x0000007f       0x80 ./system/src/cmsis/system_stm32f4xx.o
 .comment       0x0000007f       0x80 ./system/src/cmsis/vectors_stm32f407xx.o
 .comment       0x0000007f       0x80 ./src/BlinkLed.o
 .comment       0x0000007f       0x80 ./src/Timer.o
 .comment       0x0000007f       0x80 ./src/_initialize_hardware.o
 .comment       0x0000007f       0x80 ./src/main.o
 .comment       0x0000007f       0x80 ./src/stm32f4xx_hal_msp.o

.ARM.attributes
                0x00000000       0x33
 .ARM.attributes
                0x00000000       0x33 ./system/src/stm32f4-hal/stm32f4xx_hal.o
 .ARM.attributes
                0x00000033       0x33 ./system/src/stm32f4-hal/stm32f4xx_hal_cortex.o
 .ARM.attributes
                0x00000066       0x33 ./system/src/stm32f4-hal/stm32f4xx_hal_gpio.o
 .ARM.attributes
                0x00000099       0x33 ./system/src/stm32f4-hal/stm32f4xx_hal_rcc.o
 .ARM.attributes
                0x000000cc       0x33 ./system/src/newlib/_exit.o
 .ARM.attributes
                0x000000ff       0x33 ./system/src/newlib/_startup.o
 .ARM.attributes
                0x00000132       0x33 ./system/src/newlib/_syscalls.o
 .ARM.attributes
                0x00000165       0x33 ./system/src/newlib/assert.o
 .ARM.attributes
                0x00000198       0x33 ./system/src/cortexm/_initialize_hardware.o
 .ARM.attributes
                0x000001cb       0x33 ./system/src/cortexm/exception_handlers.o
 .ARM.attributes
                0x000001fe       0x33 ./system/src/cmsis/system_stm32f4xx.o
 .ARM.attributes
                0x00000231       0x33 ./system/src/cmsis/vectors_stm32f407xx.o
 .ARM.attributes
                0x00000264       0x33 ./src/BlinkLed.o
 .ARM.attributes
                0x00000297       0x33 ./src/Timer.o
 .ARM.attributes
                0x000002ca       0x33 ./src/_initialize_hardware.o
 .ARM.attributes
                0x000002fd       0x33 ./src/main.o
 .ARM.attributes
                0x00000330       0x33 ./src/stm32f4xx_hal_msp.o

.debug
 *(.debug)

.line
 *(.line)

.debug_srcinfo
 *(.debug_srcinfo)

.debug_sfnames
 *(.debug_sfnames)

.debug_aranges  0x00000000      0x4c0
 *(.debug_aranges)
 .debug_aranges
                0x00000000       0xc0 ./system/src/stm32f4-hal/stm32f4xx_hal.o
 .debug_aranges
                0x000000c0       0x98 ./system/src/stm32f4-hal/stm32f4xx_hal_cortex.o
 .debug_aranges
                0x00000158       0x58 ./system/src/stm32f4-hal/stm32f4xx_hal_gpio.o
 .debug_aranges
                0x000001b0       0x88 ./system/src/stm32f4-hal/stm32f4xx_hal_rcc.o
 .debug_aranges
                0x00000238       0x28 ./system/src/newlib/_exit.o
 .debug_aranges
                0x00000260       0x40 ./system/src/newlib/_startup.o
 .debug_aranges
                0x000002a0       0x30 ./system/src/newlib/_syscalls.o
 .debug_aranges
                0x000002d0       0x28 ./system/src/newlib/assert.o
 .debug_aranges
                0x000002f8       0x28 ./system/src/cortexm/_initialize_hardware.o
 .debug_aranges
                0x00000320       0x80 ./system/src/cortexm/exception_handlers.o
 .debug_aranges
                0x000003a0       0x28 ./system/src/cmsis/system_stm32f4xx.o
 .debug_aranges
                0x000003c8       0x20 ./system/src/cmsis/vectors_stm32f407xx.o
 .debug_aranges
                0x000003e8       0x20 ./src/BlinkLed.o
 .debug_aranges
                0x00000408       0x38 ./src/Timer.o
 .debug_aranges
                0x00000440       0x28 ./src/_initialize_hardware.o
 .debug_aranges
                0x00000468       0x20 ./src/main.o
 .debug_aranges
                0x00000488       0x38 ./src/stm32f4xx_hal_msp.o

.debug_pubnames
 *(.debug_pubnames)

.debug_info     0x00000000     0xd459
 *(.debug_info .gnu.linkonce.wi.*)
 .debug_info    0x00000000     0x10f4 ./system/src/stm32f4-hal/stm32f4xx_hal.o
 .debug_info    0x000010f4     0x18fe ./system/src/stm32f4-hal/stm32f4xx_hal_cortex.o
 .debug_info    0x000029f2     0x1092 ./system/src/stm32f4-hal/stm32f4xx_hal_gpio.o
 .debug_info    0x00003a84     0x1758 ./system/src/stm32f4-hal/stm32f4xx_hal_rcc.o
 .debug_info    0x000051dc      0x951 ./system/src/newlib/_exit.o
 .debug_info    0x00005b2d      0x4c7 ./system/src/newlib/_startup.o
 .debug_info    0x00005ff4      0xa20 ./system/src/newlib/_syscalls.o
 .debug_info    0x00006a14      0x9cf ./system/src/newlib/assert.o
 .debug_info    0x000073e3      0xae5 ./system/src/cortexm/_initialize_hardware.o
 .debug_info    0x00007ec8      0xb09 ./system/src/cortexm/exception_handlers.o
 .debug_info    0x000089d1      0xcdb ./system/src/cmsis/system_stm32f4xx.o
 .debug_info    0x000096ac       0xd1 ./system/src/cmsis/vectors_stm32f407xx.o
 .debug_info    0x0000977d      0xc12 ./src/BlinkLed.o
 .debug_info    0x0000a38f      0xf46 ./src/Timer.o
 .debug_info    0x0000b2d5      0xd0f ./src/_initialize_hardware.o
 .debug_info    0x0000bfe4      0xb5f ./src/main.o
 .debug_info    0x0000cb43      0x916 ./src/stm32f4xx_hal_msp.o

.debug_abbrev   0x00000000     0x27a1
 *(.debug_abbrev)
 .debug_abbrev  0x00000000      0x329 ./system/src/stm32f4-hal/stm32f4xx_hal.o
 .debug_abbrev  0x00000329      0x3ef ./system/src/stm32f4-hal/stm32f4xx_hal_cortex.o
 .debug_abbrev  0x00000718      0x2dc ./system/src/stm32f4-hal/stm32f4xx_hal_gpio.o
 .debug_abbrev  0x000009f4      0x392 ./system/src/stm32f4-hal/stm32f4xx_hal_rcc.o
 .debug_abbrev  0x00000d86      0x1f5 ./system/src/newlib/_exit.o
 .debug_abbrev  0x00000f7b      0x1e2 ./system/src/newlib/_startup.o
 .debug_abbrev  0x0000115d      0x234 ./system/src/newlib/_syscalls.o
 .debug_abbrev  0x00001391      0x201 ./system/src/newlib/assert.o
 .debug_abbrev  0x00001592      0x1de ./system/src/cortexm/_initialize_hardware.o
 .debug_abbrev  0x00001770      0x23a ./system/src/cortexm/exception_handlers.o
 .debug_abbrev  0x000019aa      0x216 ./system/src/cmsis/system_stm32f4xx.o
 .debug_abbrev  0x00001bc0       0x9d ./system/src/cmsis/vectors_stm32f407xx.o
 .debug_abbrev  0x00001c5d      0x233 ./src/BlinkLed.o
 .debug_abbrev  0x00001e90      0x2b0 ./src/Timer.o
 .debug_abbrev  0x00002140      0x22d ./src/_initialize_hardware.o
 .debug_abbrev  0x0000236d      0x283 ./src/main.o
 .debug_abbrev  0x000025f0      0x1b1 ./src/stm32f4xx_hal_msp.o

.debug_line     0x00000000     0x9a21
 *(.debug_line)
 .debug_line    0x00000000      0xbe5 ./system/src/stm32f4-hal/stm32f4xx_hal.o
 .debug_line    0x00000be5      0xce5 ./system/src/stm32f4-hal/stm32f4xx_hal_cortex.o
 .debug_line    0x000018ca      0xd12 ./system/src/stm32f4-hal/stm32f4xx_hal_gpio.o
 .debug_line    0x000025dc      0xe66 ./system/src/stm32f4-hal/stm32f4xx_hal_rcc.o
 .debug_line    0x00003442      0x366 ./system/src/newlib/_exit.o
 .debug_line    0x000037a8      0x3e4 ./system/src/newlib/_startup.o
 .debug_line    0x00003b8c      0x43a ./system/src/newlib/_syscalls.o
 .debug_line    0x00003fc6      0x38f ./system/src/newlib/assert.o
 .debug_line    0x00004355      0xa89 ./system/src/cortexm/_initialize_hardware.o
 .debug_line    0x00004dde      0xb66 ./system/src/cortexm/exception_handlers.o
 .debug_line    0x00005944      0xa91 ./system/src/cmsis/system_stm32f4xx.o
 .debug_line    0x000063d5      0x10b ./system/src/cmsis/vectors_stm32f407xx.o
 .debug_line    0x000064e0      0xa67 ./src/BlinkLed.o
 .debug_line    0x00006f47      0xadd ./src/Timer.o
 .debug_line    0x00007a24      0xa82 ./src/_initialize_hardware.o
 .debug_line    0x000084a6      0xaf8 ./src/main.o
 .debug_line    0x00008f9e      0xa83 ./src/stm32f4xx_hal_msp.o

.debug_frame    0x00000000      0x944
 *(.debug_frame)
 .debug_frame   0x00000000      0x188 ./system/src/stm32f4-hal/stm32f4xx_hal.o
 .debug_frame   0x00000188      0x17c ./system/src/stm32f4-hal/stm32f4xx_hal_cortex.o
 .debug_frame   0x00000304       0xfc ./system/src/stm32f4-hal/stm32f4xx_hal_gpio.o
 .debug_frame   0x00000400      0x140 ./system/src/stm32f4-hal/stm32f4xx_hal_rcc.o
 .debug_frame   0x00000540       0x38 ./system/src/newlib/_exit.o
 .debug_frame   0x00000578       0x7c ./system/src/newlib/_startup.o
 .debug_frame   0x000005f4       0x50 ./system/src/newlib/_syscalls.o
 .debug_frame   0x00000644       0x40 ./system/src/newlib/assert.o
 .debug_frame   0x00000684       0x40 ./system/src/cortexm/_initialize_hardware.o
 .debug_frame   0x000006c4       0xe8 ./system/src/cortexm/exception_handlers.o
 .debug_frame   0x000007ac       0x30 ./system/src/cmsis/system_stm32f4xx.o
 .debug_frame   0x000007dc       0x20 ./system/src/cmsis/vectors_stm32f407xx.o
 .debug_frame   0x000007fc       0x30 ./src/BlinkLed.o
 .debug_frame   0x0000082c       0x58 ./src/Timer.o
 .debug_frame   0x00000884       0x48 ./src/_initialize_hardware.o
 .debug_frame   0x000008cc       0x28 ./src/main.o
 .debug_frame   0x000008f4       0x50 ./src/stm32f4xx_hal_msp.o

.debug_str      0x00000000    0x9a999
 *(.debug_str)
 .debug_str     0x00000000    0x972ad ./system/src/stm32f4-hal/stm32f4xx_hal.o
                              0x976e5 (size before relaxing)
 .debug_str     0x000972ad      0x39d ./system/src/stm32f4-hal/stm32f4xx_hal_cortex.o
                              0x97561 (size before relaxing)
 .debug_str     0x0009764a      0x2dd ./system/src/stm32f4-hal/stm32f4xx_hal_gpio.o
                              0x96f72 (size before relaxing)
 .debug_str     0x00097927      0x393 ./system/src/stm32f4-hal/stm32f4xx_hal_rcc.o
                              0x97100 (size before relaxing)
 .debug_str     0x00097cba     0x10ff ./system/src/newlib/_exit.o
                               0x74d6 (size before relaxing)
 .debug_str     0x00098db9      0x2c6 ./system/src/newlib/_startup.o
                               0x60b0 (size before relaxing)
 .debug_str     0x0009907f     0x12b2 ./system/src/newlib/_syscalls.o
                               0x7704 (size before relaxing)
 .debug_str     0x0009a331       0xd7 ./system/src/newlib/assert.o
                               0x7fe2 (size before relaxing)
 .debug_str     0x0009a408       0x77 ./system/src/cortexm/_initialize_hardware.o
                              0x96c21 (size before relaxing)
 .debug_str     0x0009a47f      0x1ce ./system/src/cortexm/exception_handlers.o
                              0x97cf1 (size before relaxing)
 .debug_str     0x0009a64d       0x46 ./system/src/cmsis/system_stm32f4xx.o
                              0x96cf0 (size before relaxing)
 .debug_str     0x0009a693       0x59 ./system/src/cmsis/vectors_stm32f407xx.o
                               0x30cf (size before relaxing)
 .debug_str     0x0009a6ec      0x12f ./src/BlinkLed.o
                              0x96dd6 (size before relaxing)
 .debug_str     0x0009a81b       0x76 ./src/Timer.o
                              0x97210 (size before relaxing)
 .debug_str     0x0009a891       0x31 ./src/_initialize_hardware.o
                              0x96e06 (size before relaxing)
 .debug_str     0x0009a8c2       0x9a ./src/main.o
                              0x97e86 (size before relaxing)
 .debug_str     0x0009a95c       0x3d ./src/stm32f4xx_hal_msp.o
                              0x96b69 (size before relaxing)

.debug_loc      0x00000000     0x1821
 *(.debug_loc)
 .debug_loc     0x00000000       0x92 ./system/src/stm32f4-hal/stm32f4xx_hal.o
 .debug_loc     0x00000092      0x73b ./system/src/stm32f4-hal/stm32f4xx_hal_cortex.o
 .debug_loc     0x000007cd      0x593 ./system/src/stm32f4-hal/stm32f4xx_hal_gpio.o
 .debug_loc     0x00000d60      0x4cd ./system/src/stm32f4-hal/stm32f4xx_hal_rcc.o
 .debug_loc     0x0000122d      0x2d3 ./system/src/newlib/_startup.o
 .debug_loc     0x00001500       0x63 ./system/src/newlib/_syscalls.o
 .debug_loc     0x00001563       0xc6 ./system/src/newlib/assert.o
 .debug_loc     0x00001629      0x13e ./system/src/cmsis/system_stm32f4xx.o
 .debug_loc     0x00001767       0x59 ./src/Timer.o
 .debug_loc     0x000017c0       0x61 ./src/main.o

.debug_macinfo
 *(.debug_macinfo)

.debug_weaknames
 *(.debug_weaknames)

.debug_funcnames
 *(.debug_funcnames)

.debug_typenames
 *(.debug_typenames)

.debug_varnames
 *(.debug_varnames)
OUTPUT(Blink.elf elf32-littlearm)

.debug_ranges   0x00000000      0x470
 .debug_ranges  0x00000000       0xb0 ./system/src/stm32f4-hal/stm32f4xx_hal.o
 .debug_ranges  0x000000b0       0xe8 ./system/src/stm32f4-hal/stm32f4xx_hal_cortex.o
 .debug_ranges  0x00000198       0x48 ./system/src/stm32f4-hal/stm32f4xx_hal_gpio.o
 .debug_ranges  0x000001e0       0x78 ./system/src/stm32f4-hal/stm32f4xx_hal_rcc.o
 .debug_ranges  0x00000258       0x18 ./system/src/newlib/_exit.o
 .debug_ranges  0x00000270       0x90 ./system/src/newlib/_startup.o
 .debug_ranges  0x00000300       0x20 ./system/src/newlib/_syscalls.o
 .debug_ranges  0x00000320       0x18 ./system/src/newlib/assert.o
 .debug_ranges  0x00000338       0x18 ./system/src/cortexm/_initialize_hardware.o
 .debug_ranges  0x00000350       0x70 ./system/src/cortexm/exception_handlers.o
 .debug_ranges  0x000003c0       0x18 ./system/src/cmsis/system_stm32f4xx.o
 .debug_ranges  0x000003d8       0x10 ./system/src/cmsis/vectors_stm32f407xx.o
 .debug_ranges  0x000003e8       0x10 ./src/BlinkLed.o
 .debug_ranges  0x000003f8       0x28 ./src/Timer.o
 .debug_ranges  0x00000420       0x18 ./src/_initialize_hardware.o
 .debug_ranges  0x00000438       0x10 ./src/main.o
 .debug_ranges  0x00000448       0x28 ./src/stm32f4xx_hal_msp.o

.debug_macro    0x00000000    0x1b8d0
 .debug_macro   0x00000000      0x54b ./system/src/stm32f4-hal/stm32f4xx_hal.o
 .debug_macro   0x0000054b      0x8b6 ./system/src/stm32f4-hal/stm32f4xx_hal.o
 .debug_macro   0x00000e01      0x289 ./system/src/stm32f4-hal/stm32f4xx_hal.o
 .debug_macro   0x0000108a       0x31 ./system/src/stm32f4-hal/stm32f4xx_hal.o
 .debug_macro   0x000010bb       0x28 ./system/src/stm32f4-hal/stm32f4xx_hal.o
 .debug_macro   0x000010e3      0x34e ./system/src/stm32f4-hal/stm32f4xx_hal.o
 .debug_macro   0x00001431       0x35 ./system/src/stm32f4-hal/stm32f4xx_hal.o
 .debug_macro   0x00001466       0x50 ./system/src/stm32f4-hal/stm32f4xx_hal.o
 .debug_macro   0x000014b6      0xe66 ./system/src/stm32f4-hal/stm32f4xx_hal.o
 .debug_macro   0x0000231c     0x93f9 ./system/src/stm32f4-hal/stm32f4xx_hal.o
 .debug_macro   0x0000b715       0x43 ./system/src/stm32f4-hal/stm32f4xx_hal.o
 .debug_macro   0x0000b758     0x347f ./system/src/stm32f4-hal/stm32f4xx_hal.o
 .debug_macro   0x0000ebd7       0x22 ./system/src/stm32f4-hal/stm32f4xx_hal.o
 .debug_macro   0x0000ebf9       0x52 ./system/src/stm32f4-hal/stm32f4xx_hal.o
 .debug_macro   0x0000ec4b       0x8d ./system/src/stm32f4-hal/stm32f4xx_hal.o
 .debug_macro   0x0000ecd8       0x35 ./system/src/stm32f4-hal/stm32f4xx_hal.o
 .debug_macro   0x0000ed0d       0x9c ./system/src/stm32f4-hal/stm32f4xx_hal.o
 .debug_macro   0x0000eda9       0x16 ./system/src/stm32f4-hal/stm32f4xx_hal.o
 .debug_macro   0x0000edbf       0x57 ./system/src/stm32f4-hal/stm32f4xx_hal.o
 .debug_macro   0x0000ee16       0x97 ./system/src/stm32f4-hal/stm32f4xx_hal.o
 .debug_macro   0x0000eead      0x30d ./system/src/stm32f4-hal/stm32f4xx_hal.o
 .debug_macro   0x0000f1ba       0xfd ./system/src/stm32f4-hal/stm32f4xx_hal.o
 .debug_macro   0x0000f2b7       0x10 ./system/src/stm32f4-hal/stm32f4xx_hal.o
 .debug_macro   0x0000f2c7       0x58 ./system/src/stm32f4-hal/stm32f4xx_hal.o
 .debug_macro   0x0000f31f       0x1f ./system/src/stm32f4-hal/stm32f4xx_hal.o
 .debug_macro   0x0000f33e       0x43 ./system/src/stm32f4-hal/stm32f4xx_hal.o
 .debug_macro   0x0000f381       0x20 ./system/src/stm32f4-hal/stm32f4xx_hal.o
 .debug_macro   0x0000f3a1      0x187 ./system/src/stm32f4-hal/stm32f4xx_hal.o
 .debug_macro   0x0000f528       0x10 ./system/src/stm32f4-hal/stm32f4xx_hal.o
 .debug_macro   0x0000f538       0x6a ./system/src/stm32f4-hal/stm32f4xx_hal.o
 .debug_macro   0x0000f5a2       0x1c ./system/src/stm32f4-hal/stm32f4xx_hal.o
 .debug_macro   0x0000f5be       0x52 ./system/src/stm32f4-hal/stm32f4xx_hal.o
 .debug_macro   0x0000f610       0x40 ./system/src/stm32f4-hal/stm32f4xx_hal.o
 .debug_macro   0x0000f650       0x10 ./system/src/stm32f4-hal/stm32f4xx_hal.o
 .debug_macro   0x0000f660       0x40 ./system/src/stm32f4-hal/stm32f4xx_hal.o
 .debug_macro   0x0000f6a0       0xd7 ./system/src/stm32f4-hal/stm32f4xx_hal.o
 .debug_macro   0x0000f777       0x16 ./system/src/stm32f4-hal/stm32f4xx_hal.o
 .debug_macro   0x0000f78d      0x18b ./system/src/stm32f4-hal/stm32f4xx_hal.o
 .debug_macro   0x0000f918       0x57 ./system/src/stm32f4-hal/stm32f4xx_hal.o
 .debug_macro   0x0000f96f      0x964 ./system/src/stm32f4-hal/stm32f4xx_hal.o
 .debug_macro   0x000102d3      0x9e1 ./system/src/stm32f4-hal/stm32f4xx_hal.o
 .debug_macro   0x00010cb4      0x11e ./system/src/stm32f4-hal/stm32f4xx_hal.o
 .debug_macro   0x00010dd2      0x13e ./system/src/stm32f4-hal/stm32f4xx_hal.o
 .debug_macro   0x00010f10       0x27 ./system/src/stm32f4-hal/stm32f4xx_hal.o
 .debug_macro   0x00010f37      0x287 ./system/src/stm32f4-hal/stm32f4xx_hal.o
 .debug_macro   0x000111be       0x5f ./system/src/stm32f4-hal/stm32f4xx_hal.o
 .debug_macro   0x0001121d      0x23a ./system/src/stm32f4-hal/stm32f4xx_hal.o
 .debug_macro   0x00011457      0x391 ./system/src/stm32f4-hal/stm32f4xx_hal.o
 .debug_macro   0x000117e8      0x16f ./system/src/stm32f4-hal/stm32f4xx_hal.o
 .debug_macro   0x00011957       0xf9 ./system/src/stm32f4-hal/stm32f4xx_hal.o
 .debug_macro   0x00011a50      0x36e ./system/src/stm32f4-hal/stm32f4xx_hal.o
 .debug_macro   0x00011dbe       0x23 ./system/src/stm32f4-hal/stm32f4xx_hal.o
 .debug_macro   0x00011de1       0xe6 ./system/src/stm32f4-hal/stm32f4xx_hal.o
 .debug_macro   0x00011ec7       0xa1 ./system/src/stm32f4-hal/stm32f4xx_hal.o
 .debug_macro   0x00011f68       0x3c ./system/src/stm32f4-hal/stm32f4xx_hal.o
 .debug_macro   0x00011fa4       0x1f ./system/src/stm32f4-hal/stm32f4xx_hal.o
 .debug_macro   0x00011fc3      0x1cd ./system/src/stm32f4-hal/stm32f4xx_hal.o
 .debug_macro   0x00012190      0xcd6 ./system/src/stm32f4-hal/stm32f4xx_hal.o
 .debug_macro   0x00012e66      0x13a ./system/src/stm32f4-hal/stm32f4xx_hal.o
 .debug_macro   0x00012fa0      0x21e ./system/src/stm32f4-hal/stm32f4xx_hal.o
 .debug_macro   0x000131be       0x2e ./system/src/stm32f4-hal/stm32f4xx_hal.o
 .debug_macro   0x000131ec      0x543 ./system/src/stm32f4-hal/stm32f4xx_hal.o
 .debug_macro   0x0001372f       0x88 ./system/src/stm32f4-hal/stm32f4xx_hal.o
 .debug_macro   0x000137b7       0xd5 ./system/src/stm32f4-hal/stm32f4xx_hal.o
 .debug_macro   0x0001388c      0x183 ./system/src/stm32f4-hal/stm32f4xx_hal.o
 .debug_macro   0x00013a0f      0x1a7 ./system/src/stm32f4-hal/stm32f4xx_hal.o
 .debug_macro   0x00013bb6       0xa5 ./system/src/stm32f4-hal/stm32f4xx_hal.o
 .debug_macro   0x00013c5b      0x18b ./system/src/stm32f4-hal/stm32f4xx_hal.o
 .debug_macro   0x00013de6       0x24 ./system/src/stm32f4-hal/stm32f4xx_hal.o
 .debug_macro   0x00013e0a       0x35 ./system/src/stm32f4-hal/stm32f4xx_hal.o
 .debug_macro   0x00013e3f       0x79 ./system/src/stm32f4-hal/stm32f4xx_hal.o
 .debug_macro   0x00013eb8      0x11e ./system/src/stm32f4-hal/stm32f4xx_hal.o
 .debug_macro   0x00013fd6       0x7f ./system/src/stm32f4-hal/stm32f4xx_hal.o
 .debug_macro   0x00014055       0x89 ./system/src/stm32f4-hal/stm32f4xx_hal.o
 .debug_macro   0x000140de       0x7e ./system/src/stm32f4-hal/stm32f4xx_hal.o
 .debug_macro   0x0001415c      0x31a ./system/src/stm32f4-hal/stm32f4xx_hal.o
 .debug_macro   0x00014476      0x409 ./system/src/stm32f4-hal/stm32f4xx_hal.o
 .debug_macro   0x0001487f       0xe4 ./system/src/stm32f4-hal/stm32f4xx_hal.o
 .debug_macro   0x00014963      0x48d ./system/src/stm32f4-hal/stm32f4xx_hal.o
 .debug_macro   0x00014df0      0x22b ./system/src/stm32f4-hal/stm32f4xx_hal.o
 .debug_macro   0x0001501b      0x202 ./system/src/stm32f4-hal/stm32f4xx_hal.o
 .debug_macro   0x0001521d      0x6d9 ./system/src/stm32f4-hal/stm32f4xx_hal.o
 .debug_macro   0x000158f6       0x5b ./system/src/stm32f4-hal/stm32f4xx_hal.o
 .debug_macro   0x00015951      0x14d ./system/src/stm32f4-hal/stm32f4xx_hal.o
 .debug_macro   0x00015a9e      0x287 ./system/src/stm32f4-hal/stm32f4xx_hal.o
 .debug_macro   0x00015d25      0x225 ./system/src/stm32f4-hal/stm32f4xx_hal.o
 .debug_macro   0x00015f4a      0x1b5 ./system/src/stm32f4-hal/stm32f4xx_hal.o
 .debug_macro   0x000160ff      0x2db ./system/src/stm32f4-hal/stm32f4xx_hal.o
 .debug_macro   0x000163da       0x89 ./system/src/stm32f4-hal/stm32f4xx_hal.o
 .debug_macro   0x00016463      0x1df ./system/src/stm32f4-hal/stm32f4xx_hal.o
 .debug_macro   0x00016642      0x115 ./system/src/stm32f4-hal/stm32f4xx_hal.o
 .debug_macro   0x00016757       0x6e ./system/src/stm32f4-hal/stm32f4xx_hal.o
 .debug_macro   0x000167c5      0x125 ./system/src/stm32f4-hal/stm32f4xx_hal.o
 .debug_macro   0x000168ea      0x4fd ./system/src/stm32f4-hal/stm32f4xx_hal_cortex.o
 .debug_macro   0x00016de7      0x535 ./system/src/stm32f4-hal/stm32f4xx_hal_gpio.o
 .debug_macro   0x0001731c      0x527 ./system/src/stm32f4-hal/stm32f4xx_hal_rcc.o
 .debug_macro   0x00017843      0x1a7 ./system/src/newlib/_exit.o
 .debug_macro   0x000179ea      0x10e ./system/src/newlib/_exit.o
 .debug_macro   0x00017af8       0x8d ./system/src/newlib/_exit.o
 .debug_macro   0x00017b85       0x35 ./system/src/newlib/_exit.o
 .debug_macro   0x00017bba      0x166 ./system/src/newlib/_startup.o
 .debug_macro   0x00017d20      0x8bc ./system/src/newlib/_startup.o
 .debug_macro   0x000185dc      0x20a ./system/src/newlib/_syscalls.o
 .debug_macro   0x000187e6       0x1c ./system/src/newlib/_syscalls.o
 .debug_macro   0x00018802       0x10 ./system/src/newlib/_syscalls.o
 .debug_macro   0x00018812       0x10 ./system/src/newlib/_syscalls.o
 .debug_macro   0x00018822       0x10 ./system/src/newlib/_syscalls.o
 .debug_macro   0x00018832       0x35 ./system/src/newlib/_syscalls.o
 .debug_macro   0x00018867      0x122 ./system/src/newlib/_syscalls.o
 .debug_macro   0x00018989       0x88 ./system/src/newlib/_syscalls.o
 .debug_macro   0x00018a11       0x2b ./system/src/newlib/_syscalls.o
 .debug_macro   0x00018a3c      0x118 ./system/src/newlib/_syscalls.o
 .debug_macro   0x00018b54      0x159 ./system/src/newlib/_syscalls.o
 .debug_macro   0x00018cad       0x16 ./system/src/newlib/_syscalls.o
 .debug_macro   0x00018cc3      0x1c3 ./system/src/newlib/assert.o
 .debug_macro   0x00018e86       0x1c ./system/src/newlib/assert.o
 .debug_macro   0x00018ea2      0x507 ./system/src/cortexm/_initialize_hardware.o
 .debug_macro   0x000193a9      0x566 ./system/src/cortexm/exception_handlers.o
 .debug_macro   0x0001990f       0x3b ./system/src/cortexm/exception_handlers.o
 .debug_macro   0x0001994a       0x22 ./system/src/cortexm/exception_handlers.o
 .debug_macro   0x0001996c       0x16 ./system/src/cortexm/exception_handlers.o
 .debug_macro   0x00019982      0x503 ./system/src/cmsis/system_stm32f4xx.o
 .debug_macro   0x00019e85       0x34 ./system/src/cmsis/vectors_stm32f407xx.o
 .debug_macro   0x00019eb9      0x50c ./src/BlinkLed.o
 .debug_macro   0x0001a3c5       0x28 ./src/BlinkLed.o
 .debug_macro   0x0001a3ed      0x520 ./src/Timer.o
 .debug_macro   0x0001a90d       0x10 ./src/Timer.o
 .debug_macro   0x0001a91d      0x4fd ./src/_initialize_hardware.o
 .debug_macro   0x0001ae1a      0x58b ./src/main.o
 .debug_macro   0x0001b3a5       0x2e ./src/main.o
 .debug_macro   0x0001b3d3      0x4fd ./src/stm32f4xx_hal_msp.o
